// Jest Snapshot v1, https://goo.gl/fbAQLP

exports[`renders Galasa Ecosystem homepage 1`] = `
{
  "asFragment": [Function],
  "baseElement": <body>
    <div>
      <div
        id="content"
      >
        <div
          class="cds--tile"
          id="tile"
        >
          Home
        </div>
        <section>
          <div
            class="homeContentWrapper"
          >
            <section>
              <h2>
                Welcome to your Galasa Service
              </h2>
              <section>
                <h4>
                  Get the most from your Galasa experience by reading the
                  <a
                    class="link"
                    href="https://galasa.dev/"
                    rel="noopener noreferrer"
                    target="_blank"
                  >
                     Galasa documentation.
                  </a>
                </h4>
              </section>
            </section>
            <img
              alt="home-graphic"
              class="heroImage"
              data-nimg="1"
              decoding="async"
              height="680"
              loading="lazy"
              src="/_next/image?url=%2Fimg.jpg&w=1920&q=75"
              srcset="/_next/image?url=%2Fimg.jpg&w=750&q=75 1x, /_next/image?url=%2Fimg.jpg&w=1920&q=75 2x"
              style="color: transparent;"
              width="680"
            />
          </div>
        </section>
      </div>
    </div>
  </body>,
  "container": <div>
    <div
      id="content"
    >
      <div
        class="cds--tile"
        id="tile"
      >
        Home
      </div>
      <section>
        <div
          class="homeContentWrapper"
        >
          <section>
            <h2>
              Welcome to your Galasa Service
            </h2>
            <section>
              <h4>
                Get the most from your Galasa experience by reading the
                <a
                  class="link"
                  href="https://galasa.dev/"
                  rel="noopener noreferrer"
                  target="_blank"
                >
                   Galasa documentation.
                </a>
              </h4>
            </section>
          </section>
          <img
            alt="home-graphic"
            class="heroImage"
            data-nimg="1"
            decoding="async"
            height="680"
            loading="lazy"
            src="/_next/image?url=%2Fimg.jpg&w=1920&q=75"
            srcset="/_next/image?url=%2Fimg.jpg&w=750&q=75 1x, /_next/image?url=%2Fimg.jpg&w=1920&q=75 2x"
            style="color: transparent;"
            width="680"
          />
        </div>
      </section>
    </div>
  </div>,
  "debug": [Function],
  "findAllByAltText": [Function],
  "findAllByDisplayValue": [Function],
  "findAllByLabelText": [Function],
  "findAllByPlaceholderText": [Function],
  "findAllByRole": [Function],
  "findAllByTestId": [Function],
  "findAllByText": [Function],
  "findAllByTitle": [Function],
  "findByAltText": [Function],
  "findByDisplayValue": [Function],
  "findByLabelText": [Function],
  "findByPlaceholderText": [Function],
  "findByRole": [Function],
  "findByTestId": [Function],
  "findByText": [Function],
  "findByTitle": [Function],
  "getAllByAltText": [Function],
  "getAllByDisplayValue": [Function],
  "getAllByLabelText": [Function],
  "getAllByPlaceholderText": [Function],
  "getAllByRole": [Function],
  "getAllByTestId": [Function],
  "getAllByText": [Function],
  "getAllByTitle": [Function],
  "getByAltText": [Function],
  "getByDisplayValue": [Function],
  "getByLabelText": [Function],
  "getByPlaceholderText": [Function],
  "getByRole": [Function],
  "getByTestId": [Function],
  "getByText": [Function],
  "getByTitle": [Function],
  "queryAllByAltText": [Function],
  "queryAllByDisplayValue": [Function],
  "queryAllByLabelText": [Function],
  "queryAllByPlaceholderText": [Function],
  "queryAllByRole": [Function],
  "queryAllByTestId": [Function],
  "queryAllByText": [Function],
  "queryAllByTitle": [Function],
  "queryByAltText": [Function],
  "queryByDisplayValue": [Function],
  "queryByLabelText": [Function],
  "queryByPlaceholderText": [Function],
  "queryByRole": [Function],
  "queryByTestId": [Function],
  "queryByText": [Function],
  "queryByTitle": [Function],
  "rerender": [Function],
  "unmount": [Function],
}
`;
